
> factu-front@0.0.0 build
> ng build

[33m❯[39m Building...
[32m✔[39m Building...
Application bundle generation failed. [20.091 seconds] - 2026-07-18T21:21:31.562Z

[1m[33m[33m▲ [43;33m[[43;30mWARNING[43;33m][0m [1mDeprecation[0m [1m[35m[plugin angular-sass][0m

    src/app/landing/landing.component.scss:2:8:
[37m      2 │ @import [32m[37m'../../scss/tokens/hex/tokens-hex';
        ╵         [32m^[0m


  Sass @import rules are deprecated and will be removed in Dart Sass 3.0.0.
  
  More info and automated migrator: [4mhttps://sass-lang.com/d/import[0m

[39m[22m
[1m[31m[31m✘ [41;31m[[41;97mERROR[41;31m][0m [1mTS2304: Cannot find name 'GetSucursalModel'.[0m [1m[35m[plugin angular-compiler][0m

    src/app/almacen/components/almacen-modal-new-edit/almacen-modal-new-edit.ts:59:14:
[37m      59 │   sucursales: [32mGetSucursalModel[37m[] = [];
         ╵               [32m~~~~~~~~~~~~~~~~[0m


[31m✘ [41;31m[[41;97mERROR[41;31m][0m [1mTS2322: Type '{ label: string; value: number | null; }[]' is not assignable to type '{ label: string; value: number; }[]'.
  Type '{ label: string; value: number | null; }' is not assignable to type '{ label: string; value: number; }'.
    Types of property 'value' are incompatible.
      Type 'number | null' is not assignable to type 'number'.
        Type 'null' is not assignable to type 'number'.[0m [1m[35m[plugin angular-compiler][0m

    src/app/almacen/helpers/almacen.structure.ts:6:4:
[37m      6 │     [32msucursalOptions[37m = sucursales.map((s) => ({ label: s.name, value...
        ╵     [32m~~~~~~~~~~~~~~~[0m


[31m✘ [41;31m[[41;97mERROR[41;31m][0m [1mTS2339: Property 'codigoInterno' does not exist on type 'Product'.[0m [1m[35m[plugin angular-compiler][0m

    src/app/almacen/pages/almacen-stock/almacen-stock.html:47:54:
[37m      47 │ ...              <td>{{ item.producto?.[32mcodigoInterno[37m || 'N/A' }}</td>
         ╵                                        [32m~~~~~~~~~~~~~[0m

  Error occurs in the template of component AlmacenStockComponent.

    src/app/almacen/pages/almacen-stock/almacen-stock.ts:39:17:
[37m      39 │     templateUrl: [32m'./almacen-stock.html'[37m,
         ╵                  [32m~~~~~~~~~~~~~~~~~~~~~~[0m


[31m✘ [41;31m[[41;97mERROR[41;31m][0m [1mTS2339: Property 'nombre' does not exist on type 'Product'.[0m [1m[35m[plugin angular-compiler][0m

    src/app/almacen/pages/almacen-stock/almacen-stock.html:48:54:
[37m      48 │ ...                     <td>{{ item.producto?.[32mnombre[37m || 'N/A' }}</td>
         ╵                                               [32m~~~~~~[0m

  Error occurs in the template of component AlmacenStockComponent.

    src/app/almacen/pages/almacen-stock/almacen-stock.ts:39:17:
[37m      39 │     templateUrl: [32m'./almacen-stock.html'[37m,
         ╵                  [32m~~~~~~~~~~~~~~~~~~~~~~[0m


[31m✘ [41;31m[[41;97mERROR[41;31m][0m [1mTS2339: Property 'nombre' does not exist on type 'Product'.[0m [1m[35m[plugin angular-compiler][0m

    src/app/almacen/pages/almacen-stock/almacen-stock.ts:102:28:
[37m      102 │                 p.producto?.[32mnombre[37m?.toLowerCase().includes(term) ||
          ╵                             [32m~~~~~~[0m


[31m✘ [41;31m[[41;97mERROR[41;31m][0m [1mTS2339: Property 'codigoInterno' does not exist on type 'Product'.[0m [1m[35m[plugin angular-compiler][0m

    src/app/almacen/pages/almacen-stock/almacen-stock.ts:103:28:
[37m      103 │                 p.producto?.[32mcodigoInterno[37m?.toLowerCase().includes...
          ╵                             [32m~~~~~~~~~~~~~[0m


[31m✘ [41;31m[[41;97mERROR[41;31m][0m [1mTS2339: Property 'nombre' does not exist on type 'Sucursal'.[0m [1m[35m[plugin angular-compiler][0m

    src/app/almacen/pages/almacen/almacen.html:86:38:
[37m      86 │                     {{ item.sucursal?.[32mnombre[37m }}
         ╵                                       [32m~~~~~~[0m

  Error occurs in the template of component AlmacenComponent.

    src/app/almacen/pages/almacen/almacen.ts:56:15:
[37m      56 │   templateUrl: [32m'./almacen.html'[37m,
         ╵                [32m~~~~~~~~~~~~~~~~[0m


[31m✘ [41;31m[[41;97mERROR[41;31m][0m [1mTS2339: Property 'nombre' does not exist on type 'Sucursal'.[0m [1m[35m[plugin angular-compiler][0m

    src/app/almacen/pages/almacen/almacen.html:198:40:
[37m      198 │                   <td>{{ item.sucursal?.[32mnombre[37m }}</td>
          ╵                                         [32m~~~~~~[0m

  Error occurs in the template of component AlmacenComponent.

    src/app/almacen/pages/almacen/almacen.ts:56:15:
[37m      56 │   templateUrl: [32m'./almacen.html'[37m,
         ╵                [32m~~~~~~~~~~~~~~~~[0m


[31m✘ [41;31m[[41;97mERROR[41;31m][0m [1mTS2304: Cannot find name 'GetSucursalModel'.[0m [1m[35m[plugin angular-compiler][0m

    src/app/almacen/pages/almacen/almacen.ts:68:21:
[37m      68 │   public sucursales: [32mGetSucursalModel[37m[] = [];
         ╵                      [32m~~~~~~~~~~~~~~~~[0m


[31m✘ [41;31m[[41;97mERROR[41;31m][0m [1mTS2339: Property 'Category' does not exist on type 'typeof import("D:/free-key/factulink-front/src/app/category/pages/category/category")'.[0m [1m[35m[plugin angular-compiler][0m

    src/app/app.routes.ts:30:88:
[37m      30 │ ...ort('./category/pages/category/category').then((m) => m.[32mCategory[37m),
         ╵                                                            [32m~~~~~~~~[0m


[31m✘ [41;31m[[41;97mERROR[41;31m][0m [1mTS2339: Property 'Sucursal' does not exist on type 'typeof import("D:/free-key/factulink-front/src/app/sucursal/pages/sucursal/sucursal")'.[0m [1m[35m[plugin angular-compiler][0m

    src/app/app.routes.ts:83:88:
[37m      83 │ ...ort('./sucursal/pages/sucursal/sucursal').then((m) => m.[32mSucursal[37m),
         ╵                                                            [32m~~~~~~~~[0m


[31m✘ [41;31m[[41;97mERROR[41;31m][0m [1mTS2305: Module '"./currency.model"' has no exported member 'CurrencyModel'.[0m [1m[35m[plugin angular-compiler][0m

    src/app/currency/core/models/get-currency.model.ts:1:9:
[37m      1 │ import { [32mCurrencyModel[37m } from './currency.model';
        ╵          [32m~~~~~~~~~~~~~[0m


[31m✘ [41;31m[[41;97mERROR[41;31m][0m [1mTS2345: Argument of type 'number | null' is not assignable to parameter of type 'number | undefined'.
  Type 'null' is not assignable to type 'number | undefined'.[0m [1m[35m[plugin angular-compiler][0m

    src/app/currency/pages/currency.page.html:50:50:
[37m      50 │ ...button (click)="openModal(item.[32mid[37m)" size="sm" class="me-2" cBut...
         ╵                                   [32m~~[0m

  Error occurs in the template of component CurrencyPage.

    src/app/currency/pages/currency.page.ts:40:15:
[37m      40 │   templateUrl: [32m'./currency.page.html'[37m,
         ╵                [32m~~~~~~~~~~~~~~~~~~~~~~[0m


[31m✘ [41;31m[[41;97mERROR[41;31m][0m [1mTS2345: Argument of type 'number | null' is not assignable to parameter of type 'number'.
  Type 'null' is not assignable to type 'number'.[0m [1m[35m[plugin angular-compiler][0m

    src/app/currency/pages/currency.page.html:53:49:
[37m      53 │ ...<button (click)="onDelete(item.[32mid[37m)" size="sm" cButton color="da...
         ╵                                   [32m~~[0m

  Error occurs in the template of component CurrencyPage.

    src/app/currency/pages/currency.page.ts:40:15:
[37m      40 │   templateUrl: [32m'./currency.page.html'[37m,
         ╵                [32m~~~~~~~~~~~~~~~~~~~~~~[0m


[31m✘ [41;31m[[41;97mERROR[41;31m][0m [1mTS2322: Type 'Observable<{ data: { data: Customer[]; items: CustomerDto[]; total: number; page: number; pageSize: number; errorMessage: string; }; isValid: boolean; messages: ApplicationMessage[]; Messages?: ApplicationMessage[] | undefined; }>' is not assignable to type 'Observable<ResponseDto<QueryResultsModel<GetCustomer>>>'.
  Type '{ data: { data: Customer[]; items: CustomerDto[]; total: number; page: number; pageSize: number; errorMessage: string; }; isValid: boolean; messages: ApplicationMessage[]; Messages?: ApplicationMessage[]; }' is not assignable to type 'ResponseDto<QueryResultsModel<GetCustomer>>'.
    The types of 'data.items' are incompatible between these types.
      Type 'CustomerDto[]' is not assignable to type 'GetCustomer[]'.
        Type 'CustomerDto' is missing the following properties from type 'GetCustomer': companyId, firstName, lastName, businessName, and 8 more.[0m [1m[35m[plugin angular-compiler][0m

    src/app/customer/core/services/customer.service.ts:70:4:
[37m      70 │     [32mreturn[37m this.postRequest<QueryParamsModel, ResponseDto<QueryRes...
         ╵     [32m~~~~~~[0m


[31m✘ [41;31m[[41;97mERROR[41;31m][0m [1mTS2305: Module '"src/app/category/core/models"' has no exported member 'GetCategoryModel'.[0m [1m[35m[plugin angular-compiler][0m

    src/app/products/helpers/product-structure.ts:2:9:
[37m      2 │ import { [32mGetCategoryModel[37m } from 'src/app/category/core/models';
        ╵          [32m~~~~~~~~~~~~~~~~[0m


[31m✘ [41;31m[[41;97mERROR[41;31m][0m [1mTS2305: Module '"src/app/unit-of-measure/core/models"' has no exported member 'GetUnitOfMeasureModel'.[0m [1m[35m[plugin angular-compiler][0m

    src/app/products/helpers/product-structure.ts:4:9:
[37m      4 │ import { [32mGetUnitOfMeasureModel[37m } from 'src/app/unit-of-measure/core...
        ╵          [32m~~~~~~~~~~~~~~~~~~~~~[0m


[31m✘ [41;31m[[41;97mERROR[41;31m][0m [1mTS2345: Argument of type 'number | null' is not assignable to parameter of type 'number | undefined'.
  Type 'null' is not assignable to type 'number | undefined'.[0m [1m[35m[plugin angular-compiler][0m

    src/app/products/pages/products/products.html:67:49:
[37m      67 │                       (click)="openModal(product.[32mid[37m)"
         ╵                                                  [32m~~[0m

  Error occurs in the template of component Products.

    src/app/products/pages/products/products.ts:43:15:
[37m      43 │   templateUrl: [32m'./products.html'[37m,
         ╵                [32m~~~~~~~~~~~~~~~~~[0m


[31m✘ [41;31m[[41;97mERROR[41;31m][0m [1mTS2345: Argument of type 'number | null' is not assignable to parameter of type 'number'.
  Type 'null' is not assignable to type 'number'.[0m [1m[35m[plugin angular-compiler][0m

    src/app/products/pages/products/products.html:75:54:
[37m      75 │ ...tton (click)="onDelete(product.[32mid[37m)" size="sm" cButton color="da...
         ╵                                   [32m~~[0m

  Error occurs in the template of component Products.

    src/app/products/pages/products/products.ts:43:15:
[37m      43 │   templateUrl: [32m'./products.html'[37m,
         ╵                [32m~~~~~~~~~~~~~~~~~[0m


[31m✘ [41;31m[[41;97mERROR[41;31m][0m [1mTS2551: Property 'category' does not exist on type 'Product'. Did you mean 'categoryId'?[0m [1m[35m[plugin angular-compiler][0m

    src/app/products/pages/products/products.html:82:33:
[37m      82 │                   <td>{{ product.[32mcategory[37m?.nombre }}</td>
         ╵                                  [32m~~~~~~~~[0m

  Error occurs in the template of component Products.

    src/app/products/pages/products/products.ts:43:15:
[37m      43 │   templateUrl: [32m'./products.html'[37m,
         ╵                [32m~~~~~~~~~~~~~~~~~[0m


[31m✘ [41;31m[[41;97mERROR[41;31m][0m [1mTS2305: Module '"../../../category/core/models"' has no exported member 'GetCategoryModel'.[0m [1m[35m[plugin angular-compiler][0m

    src/app/products/pages/products/products.ts:23:9:
[37m      23 │ import { [32mGetCategoryModel[37m } from '../../../category/core/models';
         ╵          [32m~~~~~~~~~~~~~~~~[0m


[31m✘ [41;31m[[41;97mERROR[41;31m][0m [1mTS2305: Module '"../../../sucursal/core/models"' has no exported member 'GetSucursalModel'.[0m [1m[35m[plugin angular-compiler][0m

    src/app/products/pages/products/products.ts:25:9:
[37m      25 │ import { [32mGetSucursalModel[37m } from '../../../sucursal/core/models';
         ╵          [32m~~~~~~~~~~~~~~~~[0m


[31m✘ [41;31m[[41;97mERROR[41;31m][0m [1mTS2305: Module '"src/app/payment-method/core/models"' has no exported member 'GetPaymentMethodModel'.[0m [1m[35m[plugin angular-compiler][0m

    src/app/purchase/helpers/purchase-structure.ts:6:9:
[37m      6 │ import { [32mGetPaymentMethodModel[37m } from 'src/app/payment-method/core/...
        ╵          [32m~~~~~~~~~~~~~~~~~~~~~[0m


[31m✘ [41;31m[[41;97mERROR[41;31m][0m [1mTS2305: Module '"src/app/series/core/models/serie.model"' has no exported member 'SerieModel'.[0m [1m[35m[plugin angular-compiler][0m

    src/app/quotation/core/services/quotation.service.ts:8:9:
[37m      8 │ import { [32mSerieModel[37m } from 'src/app/series/core/models/serie.model';
        ╵          [32m~~~~~~~~~~[0m


[31m✘ [41;31m[[41;97mERROR[41;31m][0m [1mTS2305: Module '"src/app/payment-method/core/models"' has no exported member 'GetPaymentMethodModel'.[0m [1m[35m[plugin angular-compiler][0m

    src/app/quotation/helpers/quotation-structure.ts:4:9:
[37m      4 │ import { [32mGetPaymentMethodModel[37m } from 'src/app/payment-method/core/...
        ╵          [32m~~~~~~~~~~~~~~~~~~~~~[0m


[31m✘ [41;31m[[41;97mERROR[41;31m][0m [1mTS2305: Module '"src/app/sucursal/core/models"' has no exported member 'GetSucursalModel'.[0m [1m[35m[plugin angular-compiler][0m

    src/app/quotation/helpers/quotation-structure.ts:5:9:
[37m      5 │ import { [32mGetSucursalModel[37m } from 'src/app/sucursal/core/models';
        ╵          [32m~~~~~~~~~~~~~~~~[0m


[31m✘ [41;31m[[41;97mERROR[41;31m][0m [1mTS2339: Property 'nombre' does not exist on type 'GetCustomer'.[0m [1m[35m[plugin angular-compiler][0m

    src/app/quotation/pages/quotation-list.page.html:122:44:
[37m      122 │                   <td>{{ quotation.cliente?.[32mnombre[37m }}</td>
          ╵                                             [32m~~~~~~[0m

  Error occurs in the template of component QuotationListPage.

    src/app/quotation/pages/quotation-list.page.ts:53:15:
[37m      53 │   templateUrl: [32m'./quotation-list.page.html'[37m,
         ╵                [32m~~~~~~~~~~~~~~~~~~~~~~~~~~~~[0m


[31m✘ [41;31m[[41;97mERROR[41;31m][0m [1mTS2305: Module '"src/app/sucursal/core/models"' has no exported member 'GetSucursalModel'.[0m [1m[35m[plugin angular-compiler][0m

    src/app/quotation/pages/quotation-list.page.ts:29:9:
[37m      29 │ import { [32mGetSucursalModel[37m } from 'src/app/sucursal/core/models';
         ╵          [32m~~~~~~~~~~~~~~~~[0m


[31m✘ [41;31m[[41;97mERROR[41;31m][0m [1mTS2339: Property 'nombre' does not exist on type 'GetCustomer'.[0m [1m[35m[plugin angular-compiler][0m

    src/app/quotation/pages/quotation-main/quotation-main.page.html:328:58:
[37m      328 │ ...                         <td>{{ quotation.cliente?.[32mnombre[37m }}</td>
          ╵                                                       [32m~~~~~~[0m

  Error occurs in the template of component QuotationMainPage.

    src/app/quotation/pages/quotation-main/quotation-main.page.ts:77:15:
[37m      77 │   templateUrl: [32m'./quotation-main.page.html'[37m,
         ╵                [32m~~~~~~~~~~~~~~~~~~~~~~~~~~~~[0m


[31m✘ [41;31m[[41;97mERROR[41;31m][0m [1mTS2305: Module '"src/app/sucursal/core/models"' has no exported member 'GetSucursalModel'.[0m [1m[35m[plugin angular-compiler][0m

    src/app/quotation/pages/quotation-main/quotation-main.page.ts:43:9:
[37m      43 │ import { [32mGetSucursalModel[37m } from 'src/app/sucursal/core/models';
         ╵          [32m~~~~~~~~~~~~~~~~[0m


[31m✘ [41;31m[[41;97mERROR[41;31m][0m [1mTS2339: Property 'nombre' does not exist on type 'GetCustomer'.[0m [1m[35m[plugin angular-compiler][0m

    src/app/quotation/pages/quotation-main/quotation-main.page.ts:184:61:
[37m      184 │             this.searchSelectLabels['cli_id'] = data.cliente.[32mnombre[37m;
          ╵                                                              [32m~~~~~~[0m


[31m✘ [41;31m[[41;97mERROR[41;31m][0m [1mTS2339: Property 'nombre' does not exist on type 'GetCustomer'.[0m [1m[35m[plugin angular-compiler][0m

    src/app/quotation/pages/quotation-new-edit/quotation-new-edit.page.ts:123:61:
[37m      123 │             this.searchSelectLabels['cli_id'] = data.cliente.[32mnombre[37m;
          ╵                                                              [32m~~~~~~[0m


[31m✘ [41;31m[[41;97mERROR[41;31m][0m [1mTS2305: Module '"../../../sucursal/core/models"' has no exported member 'GetSucursalModel'.[0m [1m[35m[plugin angular-compiler][0m

    src/app/rol/components/rol-new-edit-modal/rol-new-edit-modal.ts:21:9:
[37m      21 │ import { [32mGetSucursalModel[37m } from '../../../sucursal/core/models';
         ╵          [32m~~~~~~~~~~~~~~~~[0m


[31m✘ [41;31m[[41;97mERROR[41;31m][0m [1mTS2304: Cannot find name 'RolDto'.[0m [1m[35m[plugin angular-compiler][0m

    src/app/rol/core/dtos/create-rol.dto.ts:1:32:
[37m      1 │ export type CreateRolDto = Omit<[32mRolDto[37m, 'id'>;
        ╵                                 [32m~~~~~~[0m


[31m✘ [41;31m[[41;97mERROR[41;31m][0m [1mTS4111: Property 'nombre' comes from an index signature, so it must be accessed with ['nombre'].[0m [1m[35m[plugin angular-compiler][0m

    src/app/rol/core/mappers/rol.mapper.ts:27:16:
[37m      27 │       name: dto.[32mnombre[37m,
         ╵                 [32m~~~~~~[0m


[31m✘ [41;31m[[41;97mERROR[41;31m][0m [1mTS4111: Property 'est' comes from an index signature, so it must be accessed with ['est'].[0m [1m[35m[plugin angular-compiler][0m

    src/app/rol/core/mappers/rol.mapper.ts:28:18:
[37m      28 │       active: dto.[32mest[37m,
         ╵                   [32m~~~[0m


[31m✘ [41;31m[[41;97mERROR[41;31m][0m [1mTS2339: Property 'nombre' does not exist on type 'RolModel'.[0m [1m[35m[plugin angular-compiler][0m

    src/app/rol/pages/rol/rol.html:57:29:
[37m      57 │                   <td>{{ rol.[32mnombre[37m }}</td>
         ╵                              [32m~~~~~~[0m

  Error occurs in the template of component Rol.

    src/app/rol/pages/rol/rol.ts:41:15:
[37m      41 │   templateUrl: [32m'./rol.html'[37m,
         ╵                [32m~~~~~~~~~~~~[0m


[31m✘ [41;31m[[41;97mERROR[41;31m][0m [1mTS2395: Individual declarations in merged declaration 'Rol' must be all exported or all local.[0m [1m[35m[plugin angular-compiler][0m

    src/app/rol/pages/rol/rol.ts:21:9:
[37m      21 │ import { [32mRol[37m } from '../../core/models';
         ╵          [32m~~~[0m


[31m✘ [41;31m[[41;97mERROR[41;31m][0m [1mTS2440: Import declaration conflicts with local declaration of 'Rol'.[0m [1m[35m[plugin angular-compiler][0m

    src/app/rol/pages/rol/rol.ts:21:9:
[37m      21 │ import { [32mRol[37m } from '../../core/models';
         ╵          [32m~~~[0m


[31m✘ [41;31m[[41;97mERROR[41;31m][0m [1mTS2305: Module '"src/app/sucursal/core/models"' has no exported member 'GetSucursalModel'.[0m [1m[35m[plugin angular-compiler][0m

    src/app/rol/pages/rol/rol.ts:23:9:
[37m      23 │ import { [32mGetSucursalModel[37m } from 'src/app/sucursal/core/models';
         ╵          [32m~~~~~~~~~~~~~~~~[0m


[31m✘ [41;31m[[41;97mERROR[41;31m][0m [1mTS2395: Individual declarations in merged declaration 'Rol' must be all exported or all local.[0m [1m[35m[plugin angular-compiler][0m

    src/app/rol/pages/rol/rol.ts:44:13:
[37m      44 │ export class [32mRol[37m extends BaseSearchComponent {
         ╵              [32m~~~[0m


[31m✘ [41;31m[[41;97mERROR[41;31m][0m [1mTS2305: Module '"src/app/series/core/models/serie.model"' has no exported member 'SerieModel'.[0m [1m[35m[plugin angular-compiler][0m

    src/app/sales/core/services/sale.service.ts:7:9:
[37m      7 │ import { [32mSerieModel[37m } from 'src/app/series/core/models/serie.model';
        ╵          [32m~~~~~~~~~~[0m


[31m✘ [41;31m[[41;97mERROR[41;31m][0m [1mTS2322: Type 'number | null' is not assignable to type 'string | number | boolean'.
  Type 'null' is not assignable to type 'string | number | boolean'.[0m [1m[35m[plugin angular-compiler][0m

    src/app/sales/pages/new-sale/new-sale.page.ts:430:28:
[37m      430 │           currencies.push({ [32mvalue[37m: item.id, label: item.nombre });
          ╵                             [32m~~~~~[0m

  The expected type comes from property 'value' which is declared here on type 'SelectOption'

    src/app/shared/types/select-option.interface.ts:2:2:
[37m      2 │   [32mvalue[37m: string | number | boolean;
        ╵   [32m~~~~~[0m


[31m✘ [41;31m[[41;97mERROR[41;31m][0m [1mTS2339: Property 'nombre' does not exist on type 'Currency'.[0m [1m[35m[plugin angular-compiler][0m

    src/app/sales/pages/new-sale/new-sale.page.ts:430:56:
[37m      430 │           currencies.push({ value: item.id, label: item.[32mnombre[37m });
          ╵                                                         [32m~~~~~~[0m


[31m✘ [41;31m[[41;97mERROR[41;31m][0m [1mTS2322: Type 'number | null' is not assignable to type 'string | number | boolean'.
  Type 'null' is not assignable to type 'string | number | boolean'.[0m [1m[35m[plugin angular-compiler][0m

    src/app/sales/pages/new-sale/new-sale.page.ts:453:33:
[37m      453 │ ...      sucursalOptions.push({ [32mvalue[37m: item.id, label: item.nombr...
          ╵                                 [32m~~~~~[0m

  The expected type comes from property 'value' which is declared here on type 'SelectOption'

    src/app/shared/types/select-option.interface.ts:2:2:
[37m      2 │   [32mvalue[37m: string | number | boolean;
        ╵   [32m~~~~~[0m


[31m✘ [41;31m[[41;97mERROR[41;31m][0m [1mTS2339: Property 'nombre' does not exist on type 'Sucursal'.[0m [1m[35m[plugin angular-compiler][0m

    src/app/sales/pages/new-sale/new-sale.page.ts:453:61:
[37m      453 │ ...    sucursalOptions.push({ value: item.id, label: item.[32mnombre[37m });
          ╵                                                           [32m~~~~~~[0m


[31m✘ [41;31m[[41;97mERROR[41;31m][0m [1mTS2339: Property 'mp_id' does not exist on type 'PaymentMethod'.[0m [1m[35m[plugin angular-compiler][0m

    src/app/sales/pages/new-sale/new-sale.page.ts:461:41:
[37m      461 │ ...     paymentType.push({ value: item.[32mmp_id[37m, label: item.mp_nom });
          ╵                                        [32m~~~~~[0m


[31m✘ [41;31m[[41;97mERROR[41;31m][0m [1mTS2339: Property 'mp_nom' does not exist on type 'PaymentMethod'.[0m [1m[35m[plugin angular-compiler][0m

    src/app/sales/pages/new-sale/new-sale.page.ts:461:60:
[37m      461 │ ...     paymentType.push({ value: item.mp_id, label: item.[32mmp_nom[37m });
          ╵                                                           [32m~~~~~~[0m


[31m✘ [41;31m[[41;97mERROR[41;31m][0m [1mTS2339: Property 'emp_id' does not exist on type 'GetOrganization'.[0m [1m[35m[plugin angular-compiler][0m

    src/app/sales/pages/new-sale/new-sale.page.ts:469:44:
[37m      469 │ ...companyOptions.push({ value: item.[32memp_id[37m, label: item.emp_nom });
          ╵                                      [32m~~~~~~[0m


[31m✘ [41;31m[[41;97mERROR[41;31m][0m [1mTS2339: Property 'emp_nom' does not exist on type 'GetOrganization'.[0m [1m[35m[plugin angular-compiler][0m

    src/app/sales/pages/new-sale/new-sale.page.ts:469:64:
[37m      469 │ ...companyOptions.push({ value: item.emp_id, label: item.[32memp_nom[37m });
          ╵                                                          [32m~~~~~~~[0m


[31m✘ [41;31m[[41;97mERROR[41;31m][0m [1mTS2551: Property 'documento' does not exist on type 'GetCustomer'. Did you mean 'document'?[0m [1m[35m[plugin angular-compiler][0m

    src/app/sales/pages/sale-view/sale-view.component.ts:325:50:
[37m      325 │             cli_documento: response.data.cliente?.[32mdocumento[37m,
          ╵                                                   [32m~~~~~~~~~[0m

  'document' is declared here.

    src/app/customer/core/models/get-customer.model.ts:7:2:
[37m      7 │   [32mdocument[37m: string;
        ╵   [32m~~~~~~~~[0m


[31m✘ [41;31m[[41;97mERROR[41;31m][0m [1mTS2339: Property 'direccion' does not exist on type 'GetCustomer'.[0m [1m[35m[plugin angular-compiler][0m

    src/app/sales/pages/sale-view/sale-view.component.ts:326:47:
[37m      326 │             cli_direcc: response.data.cliente?.[32mdireccion[37m,
          ╵                                                [32m~~~~~~~~~[0m


[31m✘ [41;31m[[41;97mERROR[41;31m][0m [1mTS2339: Property 'correo' does not exist on type 'GetCustomer'.[0m [1m[35m[plugin angular-compiler][0m

    src/app/sales/pages/sale-view/sale-view.component.ts:327:47:
[37m      327 │             cli_correo: response.data.cliente?.[32mcorreo[37m,
          ╵                                                [32m~~~~~~[0m


[31m✘ [41;31m[[41;97mERROR[41;31m][0m [1mTS2339: Property 'telefono' does not exist on type 'GetCustomer'.[0m [1m[35m[plugin angular-compiler][0m

    src/app/sales/pages/sale-view/sale-view.component.ts:328:45:
[37m      328 │             cli_telf: response.data.cliente?.[32mtelefono[37m,
          ╵                                              [32m~~~~~~~~[0m


[31m✘ [41;31m[[41;97mERROR[41;31m][0m [1mTS2322: Type 'number | null' is not assignable to type 'string | number | boolean'.
  Type 'null' is not assignable to type 'string | number | boolean'.[0m [1m[35m[plugin angular-compiler][0m

    src/app/sales/pages/sale-view/sale-view.component.ts:376:28:
[37m      376 │           currencies.push({ [32mvalue[37m: item.id, label: item.nombre });
          ╵                             [32m~~~~~[0m

  The expected type comes from property 'value' which is declared here on type 'SelectOption'

    src/app/shared/types/select-option.interface.ts:2:2:
[37m      2 │   [32mvalue[37m: string | number | boolean;
        ╵   [32m~~~~~[0m


[31m✘ [41;31m[[41;97mERROR[41;31m][0m [1mTS2339: Property 'nombre' does not exist on type 'Currency'.[0m [1m[35m[plugin angular-compiler][0m

    src/app/sales/pages/sale-view/sale-view.component.ts:376:56:
[37m      376 │           currencies.push({ value: item.id, label: item.[32mnombre[37m });
          ╵                                                         [32m~~~~~~[0m


[31m✘ [41;31m[[41;97mERROR[41;31m][0m [1mTS2322: Type 'number | null' is not assignable to type 'string | number | boolean'.
  Type 'null' is not assignable to type 'string | number | boolean'.[0m [1m[35m[plugin angular-compiler][0m

    src/app/sales/pages/sale-view/sale-view.component.ts:398:33:
[37m      398 │ ...      sucursalOptions.push({ [32mvalue[37m: item.id, label: item.nombr...
          ╵                                 [32m~~~~~[0m

  The expected type comes from property 'value' which is declared here on type 'SelectOption'

    src/app/shared/types/select-option.interface.ts:2:2:
[37m      2 │   [32mvalue[37m: string | number | boolean;
        ╵   [32m~~~~~[0m


[31m✘ [41;31m[[41;97mERROR[41;31m][0m [1mTS2339: Property 'nombre' does not exist on type 'Sucursal'.[0m [1m[35m[plugin angular-compiler][0m

    src/app/sales/pages/sale-view/sale-view.component.ts:398:61:
[37m      398 │ ...    sucursalOptions.push({ value: item.id, label: item.[32mnombre[37m });
          ╵                                                           [32m~~~~~~[0m


[31m✘ [41;31m[[41;97mERROR[41;31m][0m [1mTS2339: Property 'mp_id' does not exist on type 'PaymentMethod'.[0m [1m[35m[plugin angular-compiler][0m

    src/app/sales/pages/sale-view/sale-view.component.ts:406:41:
[37m      406 │ ...     paymentType.push({ value: item.[32mmp_id[37m, label: item.mp_nom });
          ╵                                        [32m~~~~~[0m


[31m✘ [41;31m[[41;97mERROR[41;31m][0m [1mTS2339: Property 'mp_nom' does not exist on type 'PaymentMethod'.[0m [1m[35m[plugin angular-compiler][0m

    src/app/sales/pages/sale-view/sale-view.component.ts:406:60:
[37m      406 │ ...     paymentType.push({ value: item.mp_id, label: item.[32mmp_nom[37m });
          ╵                                                           [32m~~~~~~[0m


[31m✘ [41;31m[[41;97mERROR[41;31m][0m [1mTS2339: Property 'emp_id' does not exist on type 'GetOrganization'.[0m [1m[35m[plugin angular-compiler][0m

    src/app/sales/pages/sale-view/sale-view.component.ts:414:39:
[37m      414 │ ...     companies.push({ value: item.[32memp_id[37m, label: item.emp_nom });
          ╵                                      [32m~~~~~~[0m


[31m✘ [41;31m[[41;97mERROR[41;31m][0m [1mTS2339: Property 'emp_nom' does not exist on type 'GetOrganization'.[0m [1m[35m[plugin angular-compiler][0m

    src/app/sales/pages/sale-view/sale-view.component.ts:414:59:
[37m      414 │ ...     companies.push({ value: item.emp_id, label: item.[32memp_nom[37m });
          ╵                                                          [32m~~~~~~~[0m


[31m✘ [41;31m[[41;97mERROR[41;31m][0m [1mTS2339: Property 'nombre' does not exist on type 'GetCustomer'.[0m [1m[35m[plugin angular-compiler][0m

    src/app/sales/pages/sales-list/sales-list.page.ts:164:39:
[37m      164 │                   <td>{{ sale.cliente?.[32mnombre[37m }}</td>
          ╵                                        [32m~~~~~~[0m


[31m✘ [41;31m[[41;97mERROR[41;31m][0m [1mTS2339: Property 'nombre' does not exist on type 'GetCustomer'.[0m [1m[35m[plugin angular-compiler][0m

    src/app/sales/pages/sales-main/sales-main.page.html:60:60:
[37m      60 │                             {{ linkedCotizacion()!.cliente?.[32mnombre[37m }}
         ╵                                                             [32m~~~~~~[0m

  Error occurs in the template of component SalesMainPage.

    src/app/sales/pages/sales-main/sales-main.page.ts:91:15:
[37m      91 │   templateUrl: [32m'./sales-main.page.html'[37m,
         ╵                [32m~~~~~~~~~~~~~~~~~~~~~~~~[0m


[31m✘ [41;31m[[41;97mERROR[41;31m][0m [1mTS2339: Property 'nombre' does not exist on type 'GetCustomer'.[0m [1m[35m[plugin angular-compiler][0m

    src/app/sales/pages/sales-main/sales-main.page.html:479:45:
[37m      479 │                         <td>{{ sale.cliente?.[32mnombre[37m }}</td>
          ╵                                              [32m~~~~~~[0m

  Error occurs in the template of component SalesMainPage.

    src/app/sales/pages/sales-main/sales-main.page.ts:91:15:
[37m      91 │   templateUrl: [32m'./sales-main.page.html'[37m,
         ╵                [32m~~~~~~~~~~~~~~~~~~~~~~~~[0m


[31m✘ [41;31m[[41;97mERROR[41;31m][0m [1mTS2339: Property 'nombre' does not exist on type 'GetCustomer'.[0m [1m[35m[plugin angular-compiler][0m

    src/app/sales/pages/sales-main/sales-main.page.ts:268:41:
[37m      268 │     if (cot?.cliente) return cot.cliente.[32mnombre[37m;
          ╵                                          [32m~~~~~~[0m


[31m✘ [41;31m[[41;97mERROR[41;31m][0m [1mTS2345: Argument of type '{ value: number | null; label: any; }[]' is not assignable to parameter of type 'SelectOption[]'.
  Type '{ value: number | null; label: any; }' is not assignable to type 'SelectOption'.
    Types of property 'value' are incompatible.
      Type 'number | null' is not assignable to type 'string | number | boolean'.
        Type 'null' is not assignable to type 'string | number | boolean'.[0m [1m[35m[plugin angular-compiler][0m

    src/app/sales/pages/sales-main/sales-main.page.ts:347:10:
[37m      347 │           [32mresponse.data.map((item) => ({ value: item.id, label: i[37m...
          ╵           [32m~~~~~~~~~~~~~~~~~~~~~~~~~~~~~~~~~~~~~~~~~~~~~~~~~~~~~~~[0m


[31m✘ [41;31m[[41;97mERROR[41;31m][0m [1mTS2339: Property 'nombre' does not exist on type 'Currency'.[0m [1m[35m[plugin angular-compiler][0m

    src/app/sales/pages/sales-main/sales-main.page.ts:347:69:
[37m      347 │ ...onse.data.map((item) => ({ value: item.id, label: item.[32mnombre[37m }))
          ╵                                                           [32m~~~~~~[0m


[31m✘ [41;31m[[41;97mERROR[41;31m][0m [1mTS2345: Argument of type '{ value: number | null; label: any; }[]' is not assignable to parameter of type 'SelectOption[]'.
  Type '{ value: number | null; label: any; }' is not assignable to type 'SelectOption'.
    Types of property 'value' are incompatible.
      Type 'number | null' is not assignable to type 'string | number | boolean'.
        Type 'null' is not assignable to type 'string | number | boolean'.[0m [1m[35m[plugin angular-compiler][0m

    src/app/sales/pages/sales-main/sales-main.page.ts:371:10:
[37m      371 │           [32mresponse.data.map((item) => ({ value: item.id, label: i[37m...
          ╵           [32m~~~~~~~~~~~~~~~~~~~~~~~~~~~~~~~~~~~~~~~~~~~~~~~~~~~~~~~[0m


[31m✘ [41;31m[[41;97mERROR[41;31m][0m [1mTS2339: Property 'nombre' does not exist on type 'Sucursal'.[0m [1m[35m[plugin angular-compiler][0m

    src/app/sales/pages/sales-main/sales-main.page.ts:371:69:
[37m      371 │ ...onse.data.map((item) => ({ value: item.id, label: item.[32mnombre[37m }))
          ╵                                                           [32m~~~~~~[0m


[31m✘ [41;31m[[41;97mERROR[41;31m][0m [1mTS2339: Property 'mp_cod' does not exist on type 'PaymentMethod'.[0m [1m[35m[plugin angular-compiler][0m

    src/app/sales/pages/sales-main/sales-main.page.ts:379:53:
[37m      379 │ ....data.map((item) => ({ value: item.[32mmp_cod[37m, label: item.mp_nom }))
          ╵                                       [32m~~~~~~[0m


[31m✘ [41;31m[[41;97mERROR[41;31m][0m [1mTS2339: Property 'mp_nom' does not exist on type 'PaymentMethod'.[0m [1m[35m[plugin angular-compiler][0m

    src/app/sales/pages/sales-main/sales-main.page.ts:379:73:
[37m      379 │ ....data.map((item) => ({ value: item.mp_cod, label: item.[32mmp_nom[37m }))
          ╵                                                           [32m~~~~~~[0m


[31m✘ [41;31m[[41;97mERROR[41;31m][0m [1mTS2339: Property 'emp_id' does not exist on type 'GetOrganization'.[0m [1m[35m[plugin angular-compiler][0m

    src/app/sales/pages/sales-main/sales-main.page.ts:387:53:
[37m      387 │ ...data.map((item) => ({ value: item.[32memp_id[37m, label: item.emp_nom }))
          ╵                                      [32m~~~~~~[0m


[31m✘ [41;31m[[41;97mERROR[41;31m][0m [1mTS2339: Property 'emp_nom' does not exist on type 'GetOrganization'.[0m [1m[35m[plugin angular-compiler][0m

    src/app/sales/pages/sales-main/sales-main.page.ts:387:73:
[37m      387 │ ...data.map((item) => ({ value: item.emp_id, label: item.[32memp_nom[37m }))
          ╵                                                          [32m~~~~~~~[0m


[31m✘ [41;31m[[41;97mERROR[41;31m][0m [1mTS2305: Module '"src/app/sucursal/core/models"' has no exported member 'GetSucursalModel'.[0m [1m[35m[plugin angular-compiler][0m

    src/app/shared/components/almacen-selector-modal.component.ts:24:9:
[37m      24 │ import { [32mGetSucursalModel[37m } from 'src/app/sucursal/core/models';
         ╵          [32m~~~~~~~~~~~~~~~~[0m


[31m✘ [41;31m[[41;97mERROR[41;31m][0m [1mTS2339: Property 'nombre' does not exist on type 'Sucursal'.[0m [1m[35m[plugin angular-compiler][0m

    src/app/shared/components/almacen-selector-modal.component.ts:204:37:
[37m      204 │           nombre: almacen?.sucursal?.[32mnombre[37m || `Sucursal ${sucId}`,
          ╵                                      [32m~~~~~~[0m


[31m✘ [41;31m[[41;97mERROR[41;31m][0m [1mTS2339: Property 'nombre' does not exist on type 'GetCustomer'.[0m [1m[35m[plugin angular-compiler][0m

    src/app/shared/components/search-document-modal/search-document-modal.component.html:93:71:
[37m      93 │ ...span class="fw-medium text-dark">{{ item.cliente?.[32mnombre[37m }}</span>
         ╵                                                      [32m~~~~~~[0m

  Error occurs in the template of component SearchDocumentModalComponent.

    src/app/shared/components/search-document-modal/search-document-modal.component.ts:49:15:
[37m      49 │   templateUrl: [32m'./search-document-modal.component.html'[37m,
         ╵                [32m~~~~~~~~~~~~~~~~~~~~~~~~~~~~~~~~~~~~~~~~[0m


[31m✘ [41;31m[[41;97mERROR[41;31m][0m [1mTS2339: Property 'nombre' does not exist on type 'GetCustomer'.[0m [1m[35m[plugin angular-compiler][0m

    src/app/shared/components/search-document-modal/search-document-modal.component.ts:143:23:
[37m      143 │             c.cliente?.[32mnombre[37m?.toLowerCase().includes(term),
          ╵                        [32m~~~~~~[0m


[31m✘ [41;31m[[41;97mERROR[41;31m][0m [1mTS2305: Module '"src/app/sucursal/core/models"' has no exported member 'GetSucursalModel'.[0m [1m[35m[plugin angular-compiler][0m

    src/app/shared/components/sucursal-selector-modal.component.ts:21:9:
[37m      21 │ import { [32mGetSucursalModel[37m } from 'src/app/sucursal/core/models';
         ╵          [32m~~~~~~~~~~~~~~~~[0m


[31m✘ [41;31m[[41;97mERROR[41;31m][0m [1mTS2305: Module '"src/app/series/core/models/serie.model"' has no exported member 'SerieModel'.[0m [1m[35m[plugin angular-compiler][0m

    src/app/shipping-guide/core/services/shipping-guide.service.ts:10:9:
[37m      10 │ import { [32mSerieModel[37m } from 'src/app/series/core/models/serie.model';
         ╵          [32m~~~~~~~~~~[0m


[31m✘ [41;31m[[41;97mERROR[41;31m][0m [1mTS2339: Property 'nombre' does not exist on type 'GetCustomer'.[0m [1m[35m[plugin angular-compiler][0m

    src/app/shipping-guide/pages/shipping-guide-main.page.ts:207:43:
[37m      207 │         nombre_cliente: cotizacion.cliente.[32mnombre[37m,
          ╵                                            [32m~~~~~~[0m


[31m✘ [41;31m[[41;97mERROR[41;31m][0m [1mTS2551: Property 'documento' does not exist on type 'GetCustomer'. Did you mean 'document'?[0m [1m[35m[plugin angular-compiler][0m

    src/app/shipping-guide/pages/shipping-guide-main.page.ts:208:40:
[37m      208 │         doc_cliente: cotizacion.cliente.[32mdocumento[37m,
          ╵                                         [32m~~~~~~~~~[0m

  'document' is declared here.

    src/app/customer/core/models/get-customer.model.ts:7:2:
[37m      7 │   [32mdocument[37m: string;
        ╵   [32m~~~~~~~~[0m


[31m✘ [41;31m[[41;97mERROR[41;31m][0m [1mTS2339: Property 'direccion' does not exist on type 'GetCustomer'.[0m [1m[35m[plugin angular-compiler][0m

    src/app/shipping-guide/pages/shipping-guide-main.page.ts:209:46:
[37m      209 │         direccion_cliente: cotizacion.cliente.[32mdireccion[37m,
          ╵                                               [32m~~~~~~~~~[0m


[31m✘ [41;31m[[41;97mERROR[41;31m][0m [1mTS2339: Property 'direccion' does not exist on type 'GetCustomer'.[0m [1m[35m[plugin angular-compiler][0m

    src/app/shipping-guide/pages/shipping-guide-main.page.ts:210:46:
[37m      210 │         destino_direccion: cotizacion.cliente.[32mdireccion[37m,
          ╵                                               [32m~~~~~~~~~[0m


[31m✘ [41;31m[[41;97mERROR[41;31m][0m [1mTS2322: Type '{ value: number | null; label: any; }[]' is not assignable to type 'SelectOption[]'.
  Type '{ value: number | null; label: any; }' is not assignable to type 'SelectOption'.
    Types of property 'value' are incompatible.
      Type 'number | null' is not assignable to type 'string | number | boolean'.
        Type 'null' is not assignable to type 'string | number | boolean'.[0m [1m[35m[plugin angular-compiler][0m

    src/app/shipping-guide/pages/shipping-guide-main.page.ts:309:8:
[37m      309 │         [32mthis.sucursales[37m = response.data.map((item) => ({
          ╵         [32m~~~~~~~~~~~~~~~[0m


[31m✘ [41;31m[[41;97mERROR[41;31m][0m [1mTS2339: Property 'nombre' does not exist on type 'Sucursal'.[0m [1m[35m[plugin angular-compiler][0m

    src/app/shipping-guide/pages/shipping-guide-main.page.ts:311:22:
[37m      311 │           label: item.[32mnombre[37m,
          ╵                       [32m~~~~~~[0m


[31m✘ [41;31m[[41;97mERROR[41;31m][0m [1mTS2322: Type '{ value: number | null; label: string; }[]' is not assignable to type 'SelectOption[]'.
  Type '{ value: number | null; label: string; }' is not assignable to type 'SelectOption'.
    Types of property 'value' are incompatible.
      Type 'number | null' is not assignable to type 'string | number | boolean'.
        Type 'null' is not assignable to type 'string | number | boolean'.[0m [1m[35m[plugin angular-compiler][0m

    src/app/shipping-guide/pages/shipping-guide-main.page.ts:319:8:
[37m      319 │         [32mthis.unidadesMedida[37m = response.data.map((item) => ({
          ╵         [32m~~~~~~~~~~~~~~~~~~~[0m


[31m✘ [41;31m[[41;97mERROR[41;31m][0m [1mTS2305: Module '"./sucursal.model"' has no exported member 'SucursalModel'.[0m [1m[35m[plugin angular-compiler][0m

    src/app/sucursal/core/models/get-sucursal.model.ts:1:9:
[37m      1 │ import { [32mSucursalModel[37m } from './sucursal.model';
        ╵          [32m~~~~~~~~~~~~~[0m


[31m✘ [41;31m[[41;97mERROR[41;31m][0m [1mTS2339: Property 'nombre' does not exist on type 'Sucursal'.[0m [1m[35m[plugin angular-compiler][0m

    src/app/sucursal/pages/stock-almacen/stock-almacen.page.html:14:54:
[37m      14 │ ...      <option [value]="sucursal.id">{{ sucursal.[32mnombre[37m }}</option>
         ╵                                                    [32m~~~~~~[0m

  Error occurs in the template of component StockAlmacenPage.

    src/app/sucursal/pages/stock-almacen/stock-almacen.page.ts:42:15:
[37m      42 │   templateUrl: [32m'./stock-almacen.page.html'[37m,
         ╵                [32m~~~~~~~~~~~~~~~~~~~~~~~~~~~[0m


[31m✘ [41;31m[[41;97mERROR[41;31m][0m [1mTS2345: Argument of type 'number | null' is not assignable to parameter of type 'number | undefined'.
  Type 'null' is not assignable to type 'number | undefined'.[0m [1m[35m[plugin angular-compiler][0m

    src/app/sucursal/pages/sucursal/sucursal.html:50:48:
[37m      50 │                     (click)="openModal(sucursal.[32mid[37m)"
         ╵                                                 [32m~~[0m

  Error occurs in the template of component SucursalPage.

    src/app/sucursal/pages/sucursal/sucursal.ts:39:15:
[37m      39 │   templateUrl: [32m'./sucursal.html'[37m,
         ╵                [32m~~~~~~~~~~~~~~~~~[0m


[31m✘ [41;31m[[41;97mERROR[41;31m][0m [1mTS2345: Argument of type 'number | null' is not assignable to parameter of type 'number'.
  Type 'null' is not assignable to type 'number'.[0m [1m[35m[plugin angular-compiler][0m

    src/app/sucursal/pages/sucursal/sucursal.html:58:53:
[37m      58 │ ...ton (click)="onDelete(sucursal.[32mid[37m)" size="sm" cButton color="da...
         ╵                                   [32m~~[0m

  Error occurs in the template of component SucursalPage.

    src/app/sucursal/pages/sucursal/sucursal.ts:39:15:
[37m      39 │   templateUrl: [32m'./sucursal.html'[37m,
         ╵                [32m~~~~~~~~~~~~~~~~~[0m


[31m✘ [41;31m[[41;97mERROR[41;31m][0m [1mTS2304: Cannot find name 'GetSucursalModel'.[0m [1m[35m[plugin angular-compiler][0m

    src/app/unit-of-measure/components/unit-of-measure-new-edit/unit-of-measure-new-edit-modal.component.ts:55:14:
[37m      55 │   sucursales: [32mGetSucursalModel[37m[] = [];
         ╵               [32m~~~~~~~~~~~~~~~~[0m


[31m✘ [41;31m[[41;97mERROR[41;31m][0m [1mTS2304: Cannot find name 'GetSucursalModel'.[0m [1m[35m[plugin angular-compiler][0m

    src/app/unit-of-measure/pages/view/unit-of-measure.component.ts:62:21:
[37m      62 │   public sucursales: [32mGetSucursalModel[37m[] = [];
         ╵                      [32m~~~~~~~~~~~~~~~~[0m

[39m[22m
